## /opt/Trelis-16.1/bin/trelis
## Trelis Version 16.1.1
## Trelis Build 1b15f60
## Revised Tue Aug 23 16:17:41 2016 -0600
## Running 04/07/2021 01:06:45 PM
## Command Options:
cd "/home/dockimble/pylith_ii/examples/linear_poroelasticity/fault_diffusion/2D/45_deg_0.01m"
${Units('si')}
undo off
reset
#{length = 100*m}
#{height = 100*m}
#{fault_angle =90*deg}
#{fault_width = 1*m}
#{dz_width = 10.0*m}
#{fault_base_width = fault_width / sin(fault_angle)}
#{fault_offset = height/tan(fault_angle)}
#{length = length + fault_offset}
#{fault_xpos = length/2}
create surface rectangle width {length} height {height} zplane
surface 1 move x {length/2} y {height/2} z 0
# Base Pair
create vertex {fault_xpos  - dz_width/2 - fault_base_width/2 - fault_offset/2} 0 0
create vertex {fault_xpos + dz_width/2 + fault_base_width/2 - fault_offset/2} 0 0
# Top Pair
create vertex {fault_xpos - dz_width/2 - fault_base_width/2 + fault_offset/2} {height} 0
create vertex {fault_xpos + dz_width/2 + fault_base_width/2 + fault_offset/2} {height} 0
split surface {Id("surface")} across pair vertex {Id("vertex")-3} {Id("vertex")-1} {Id("vertex")-2} {Id("vertex")}
# Base Pair
create vertex {fault_xpos - fault_base_width/2 - fault_offset/2} 0 0
create vertex {fault_xpos + fault_base_width/2 - fault_offset/2} 0 0
# Top Pair
create vertex {fault_xpos - fault_base_width/2 + fault_offset/2} {height} 0
create vertex {fault_xpos + fault_base_width/2 + fault_offset/2} {height} 0
# Split surface with fault
split surface {Id("surface")-1} across pair vertex {Id("vertex")-3} {Id("vertex")-1} {Id("vertex")-2} {Id("vertex")}
merge all
# ----------------------------------------------------------------------
# Name Surfaces
# ----------------------------------------------------------------------
surface {Id("surface")-5} name "surface_xpos"
surface {Id("surface")-3} name "surface_xneg"
surface {Id("surface")-2} name "surface_dz_xpos"
surface {Id("surface")-1} name "surface_fault"
surface {Id("surface")} name "surface_dz_xneg"
# ----------------------------------------------------------------------
# Name Curves
# ----------------------------------------------------------------------
curve 2 name "edge_xneg"
curve 4 name "edge_xpos"
curve 5 name "edge_dz_xpos"
curve 6 name "edge_yneg_xpos"
curve 7 name "edge_ypos_xpos"
curve 9 name "edge_dz_xneg"
curve 12 name "edge_ypos_xneg"
curve 12 name "edge_yneg_xneg"
curve 13 name "edge_fault_xpos"
curve 14 name "edge_dz_yneg_xpos"
curve 15 name "edge_dz_ypos_xpos"
curve 16 name "edge_fault_ypos"
curve 17 name "edge_fault_xneg"
curve 18 name "edge_fault_yneg"
curve 19 name "edge_dz_ypos_xneg"
curve 20 name "edge_dz_yneg_xneg"
# ----------------------------------------------------------------------
# Set discretization size and scheme
# ----------------------------------------------------------------------
surface all scheme pave
surface surface_xpos size 5
surface surface_xneg size 5
surface surface_dz_xpos size 2.5
surface surface_dz_xneg size 2.5
surface surface_fault size 0.5
# ----------------------------------------------------------------------
# Generate the mesh
# ----------------------------------------------------------------------
# preview mesh surface all
mesh surface all
# ----------------------------------------------------------------------
# Smooth mesh to improve quality
# ----------------------------------------------------------------------
surface all smooth scheme condition number beta 2 cpu 10
smooth surface all
# ----------------------------------------------------------------------
# Create blocks for materials
# ----------------------------------------------------------------------
block 1 surface_xneg
block 1 name "poroelastic_xneg"
block 2 surface_dz_xneg
block 2 name "poroelastic_dz_xneg"
block 3 surface_fault
block 3 name "poroelastic_fault"
block 4 surface_dz_xpos
block 4 name "poroelastic_dz_xpos"
block 5 surface_xpos
block 5 name "poroelastic_xpos"
# ----------------------------------------------------------------------
# Setup boundary conditions.
# ----------------------------------------------------------------------
group "face_xneg" add node in edge_xneg
nodeset 1 face_xneg
nodeset 1 name "face_xneg"
group "face_dz_xneg" add node in edge_dz_xneg
nodeset 2 face_dz_xneg
nodeset 2 name "face_dz_xneg"
group "fault_xneg" add node in edge_fault_xneg
nodeset 3 fault_xneg
nodeset 3 name "fault_xneg"
group "fault_xpos" add node in edge_fault_xpos
nodeset 4 fault_xpos
nodeset 4 name "fault_xpos"
group "face_dz_xpos" add node in edge_dz_xpos
nodeset 5 face_dz_xpos
nodeset 5 name "face_dz_xpos"
group "face_xpos" add node in edge_xpos
nodeset 6 face_xpos
nodeset 6 name "face_xpos"
group "face_yneg" add node in edge_yneg_xneg
group "face_yneg" add node in edge_dz_yneg_xneg
group "face_yneg" add node in edge_fault_yneg
group "face_yneg" add node in edge_dz_yneg_xpos
group "face_yneg" add node in edge_yneg_xpos
nodeset 7 face_yneg
nodeset 7 name "face_yneg"
group "face_ypos" add node in edge_ypos_xneg
group "face_ypos" add node in edge_dz_ypos_xneg
group "face_ypos" add node in edge_fault_ypos
group "face_ypos" add node in edge_dz_ypos_xpos
group "face_ypos" add node in edge_ypos_xpos
nodeset 8 face_ypos
nodeset 8 name "face_ypos"
${Units('si')}
undo off
reset
#{length = 100*m}
#{height = 100*m}
#{fault_angle =70*deg}
#{fault_width = 1*m}
#{dz_width = 10.0*m}
#{fault_base_width = fault_width / sin(fault_angle)}
#{fault_offset = height/tan(fault_angle)}
#{length = length + fault_offset}
#{fault_xpos = length/2}
create surface rectangle width {length} height {height} zplane
surface 1 move x {length/2} y {height/2} z 0
# Base Pair
create vertex {fault_xpos  - dz_width/2 - fault_base_width/2 - fault_offset/2} 0 0
create vertex {fault_xpos + dz_width/2 + fault_base_width/2 - fault_offset/2} 0 0
# Top Pair
create vertex {fault_xpos - dz_width/2 - fault_base_width/2 + fault_offset/2} {height} 0
create vertex {fault_xpos + dz_width/2 + fault_base_width/2 + fault_offset/2} {height} 0
split surface {Id("surface")} across pair vertex {Id("vertex")-3} {Id("vertex")-1} {Id("vertex")-2} {Id("vertex")}
# Base Pair
create vertex {fault_xpos - fault_base_width/2 - fault_offset/2} 0 0
create vertex {fault_xpos + fault_base_width/2 - fault_offset/2} 0 0
# Top Pair
create vertex {fault_xpos - fault_base_width/2 + fault_offset/2} {height} 0
create vertex {fault_xpos + fault_base_width/2 + fault_offset/2} {height} 0
# Split surface with fault
split surface {Id("surface")-1} across pair vertex {Id("vertex")-3} {Id("vertex")-1} {Id("vertex")-2} {Id("vertex")}
merge all
# ----------------------------------------------------------------------
# Name Surfaces
# ----------------------------------------------------------------------
surface {Id("surface")-5} name "surface_xpos"
surface {Id("surface")-3} name "surface_xneg"
surface {Id("surface")-2} name "surface_dz_xpos"
surface {Id("surface")-1} name "surface_fault"
surface {Id("surface")} name "surface_dz_xneg"
# ----------------------------------------------------------------------
# Name Curves
# ----------------------------------------------------------------------
curve 2 name "edge_xneg"
curve 4 name "edge_xpos"
curve 5 name "edge_dz_xpos"
curve 6 name "edge_yneg_xpos"
curve 7 name "edge_ypos_xpos"
curve 9 name "edge_dz_xneg"
curve 12 name "edge_ypos_xneg"
curve 12 name "edge_yneg_xneg"
curve 13 name "edge_fault_xpos"
curve 14 name "edge_dz_yneg_xpos"
curve 15 name "edge_dz_ypos_xpos"
curve 16 name "edge_fault_ypos"
curve 17 name "edge_fault_xneg"
curve 18 name "edge_fault_yneg"
curve 19 name "edge_dz_ypos_xneg"
curve 20 name "edge_dz_yneg_xneg"
# ----------------------------------------------------------------------
# Set discretization size and scheme
# ----------------------------------------------------------------------
surface all scheme pave
surface surface_xpos size 5
surface surface_xneg size 5
surface surface_dz_xpos size 2.5
surface surface_dz_xneg size 2.5
surface surface_fault size 0.5
# ----------------------------------------------------------------------
# Generate the mesh
# ----------------------------------------------------------------------
# preview mesh surface all
mesh surface all
# ----------------------------------------------------------------------
# Smooth mesh to improve quality
# ----------------------------------------------------------------------
surface all smooth scheme condition number beta 2 cpu 10
smooth surface all
# ----------------------------------------------------------------------
# Create blocks for materials
# ----------------------------------------------------------------------
block 1 surface_xneg
block 1 name "poroelastic_xneg"
block 2 surface_dz_xneg
block 2 name "poroelastic_dz_xneg"
block 3 surface_fault
block 3 name "poroelastic_fault"
block 4 surface_dz_xpos
block 4 name "poroelastic_dz_xpos"
block 5 surface_xpos
block 5 name "poroelastic_xpos"
# ----------------------------------------------------------------------
# Setup boundary conditions.
# ----------------------------------------------------------------------
group "face_xneg" add node in edge_xneg
nodeset 1 face_xneg
nodeset 1 name "face_xneg"
group "face_dz_xneg" add node in edge_dz_xneg
nodeset 2 face_dz_xneg
nodeset 2 name "face_dz_xneg"
group "fault_xneg" add node in edge_fault_xneg
nodeset 3 fault_xneg
nodeset 3 name "fault_xneg"
group "fault_xpos" add node in edge_fault_xpos
nodeset 4 fault_xpos
nodeset 4 name "fault_xpos"
group "face_dz_xpos" add node in edge_dz_xpos
nodeset 5 face_dz_xpos
nodeset 5 name "face_dz_xpos"
group "face_xpos" add node in edge_xpos
nodeset 6 face_xpos
nodeset 6 name "face_xpos"
group "face_yneg" add node in edge_yneg_xneg
group "face_yneg" add node in edge_dz_yneg_xneg
group "face_yneg" add node in edge_fault_yneg
group "face_yneg" add node in edge_dz_yneg_xpos
group "face_yneg" add node in edge_yneg_xpos
nodeset 7 face_yneg
nodeset 7 name "face_yneg"
group "face_ypos" add node in edge_ypos_xneg
group "face_ypos" add node in edge_dz_ypos_xneg
group "face_ypos" add node in edge_fault_ypos
group "face_ypos" add node in edge_dz_ypos_xpos
group "face_ypos" add node in edge_ypos_xpos
nodeset 8 face_ypos
nodeset 8 name "face_ypos"
${Units('si')}
undo off
reset
#{length = 100*m}
#{height = 100*m}
#{fault_angle =90*deg}
#{fault_width = 1*m}
#{dz_width = 10.0*m}
#{fault_base_width = fault_width / sin(fault_angle)}
#{fault_offset = height/tan(fault_angle)}
#{length = length + fault_offset}
#{fault_xpos = length/2}
create surface rectangle width {length} height {height} zplane
surface 1 move x {length/2} y {height/2} z 0
# Base Pair
create vertex {fault_xpos  - dz_width/2 - fault_base_width/2 - fault_offset/2} 0 0
create vertex {fault_xpos + dz_width/2 + fault_base_width/2 - fault_offset/2} 0 0
# Top Pair
create vertex {fault_xpos - dz_width/2 - fault_base_width/2 + fault_offset/2} {height} 0
create vertex {fault_xpos + dz_width/2 + fault_base_width/2 + fault_offset/2} {height} 0
split surface {Id("surface")} across pair vertex {Id("vertex")-3} {Id("vertex")-1} {Id("vertex")-2} {Id("vertex")}
# Base Pair
create vertex {fault_xpos - fault_base_width/2 - fault_offset/2} 0 0
create vertex {fault_xpos + fault_base_width/2 - fault_offset/2} 0 0
# Top Pair
create vertex {fault_xpos - fault_base_width/2 + fault_offset/2} {height} 0
create vertex {fault_xpos + fault_base_width/2 + fault_offset/2} {height} 0
# Split surface with fault
split surface {Id("surface")-1} across pair vertex {Id("vertex")-3} {Id("vertex")-1} {Id("vertex")-2} {Id("vertex")}
merge all
# ----------------------------------------------------------------------
# Name Surfaces
# ----------------------------------------------------------------------
surface {Id("surface")-5} name "surface_xpos"
surface {Id("surface")-3} name "surface_xneg"
surface {Id("surface")-2} name "surface_dz_xpos"
surface {Id("surface")-1} name "surface_fault"
surface {Id("surface")} name "surface_dz_xneg"
# ----------------------------------------------------------------------
# Name Curves
# ----------------------------------------------------------------------
curve 2 name "edge_xneg"
curve 4 name "edge_xpos"
curve 5 name "edge_dz_xpos"
curve 6 name "edge_yneg_xpos"
curve 7 name "edge_ypos_xpos"
curve 9 name "edge_dz_xneg"
curve 12 name "edge_ypos_xneg"
curve 12 name "edge_yneg_xneg"
curve 13 name "edge_fault_xpos"
curve 14 name "edge_dz_yneg_xpos"
curve 15 name "edge_dz_ypos_xpos"
curve 16 name "edge_fault_ypos"
curve 17 name "edge_fault_xneg"
curve 18 name "edge_fault_yneg"
curve 19 name "edge_dz_ypos_xneg"
curve 20 name "edge_dz_yneg_xneg"
# ----------------------------------------------------------------------
# Set discretization size and scheme
# ----------------------------------------------------------------------
surface all scheme pave
surface surface_xpos size 5
surface surface_xneg size 5
surface surface_dz_xpos size 2.5
surface surface_dz_xneg size 2.5
surface surface_fault size 0.5
# ----------------------------------------------------------------------
# Generate the mesh
# ----------------------------------------------------------------------
# preview mesh surface all
mesh surface all
# ----------------------------------------------------------------------
# Smooth mesh to improve quality
# ----------------------------------------------------------------------
surface all smooth scheme condition number beta 2 cpu 10
smooth surface all
# ----------------------------------------------------------------------
# Create blocks for materials
# ----------------------------------------------------------------------
block 1 surface_xneg
block 1 name "poroelastic_xneg"
block 2 surface_dz_xneg
block 2 name "poroelastic_dz_xneg"
block 3 surface_fault
block 3 name "poroelastic_fault"
block 4 surface_dz_xpos
block 4 name "poroelastic_dz_xpos"
block 5 surface_xpos
block 5 name "poroelastic_xpos"
# ----------------------------------------------------------------------
# Setup boundary conditions.
# ----------------------------------------------------------------------
group "face_xneg" add node in edge_xneg
nodeset 1 face_xneg
nodeset 1 name "face_xneg"
group "face_dz_xneg" add node in edge_dz_xneg
nodeset 2 face_dz_xneg
nodeset 2 name "face_dz_xneg"
group "fault_xneg" add node in edge_fault_xneg
nodeset 3 fault_xneg
nodeset 3 name "fault_xneg"
group "fault_xpos" add node in edge_fault_xpos
nodeset 4 fault_xpos
nodeset 4 name "fault_xpos"
group "face_dz_xpos" add node in edge_dz_xpos
nodeset 5 face_dz_xpos
nodeset 5 name "face_dz_xpos"
group "face_xpos" add node in edge_xpos
nodeset 6 face_xpos
nodeset 6 name "face_xpos"
group "face_yneg" add node in edge_yneg_xneg
group "face_yneg" add node in edge_dz_yneg_xneg
group "face_yneg" add node in edge_fault_yneg
group "face_yneg" add node in edge_dz_yneg_xpos
group "face_yneg" add node in edge_yneg_xpos
nodeset 7 face_yneg
nodeset 7 name "face_yneg"
group "face_ypos" add node in edge_ypos_xneg
group "face_ypos" add node in edge_dz_ypos_xneg
group "face_ypos" add node in edge_fault_ypos
group "face_ypos" add node in edge_dz_ypos_xpos
group "face_ypos" add node in edge_ypos_xpos
nodeset 8 face_ypos
nodeset 8 name "face_ypos"
