## /opt/Trelis-16.1/bin/trelis
## Trelis Version 16.1.1
## Trelis Build 1b15f60
## Revised Tue Aug 23 16:17:41 2016 -0600
## Running 07/20/2021 01:57:47 PM
## Command Options:
cd "/home/dockimble/pylith_ii/examples/poroelasticity/SPE10/2D/mesh"
# -*- Python -*-
# ----------------------------------------------------------------------
# Generate geometry
# ----------------------------------------------------------------------
# -*- Python -*-
# ----------------------------------------------------------------------
# Set units to SI.
# ----------------------------------------------------------------------
${Units('si')}
# ----------------------------------------------------------------------
# Reset geometry.
# ----------------------------------------------------------------------
reset
# ----------------------------------------------------------------------
# Create surface using vertices
# ----------------------------------------------------------------------
# Block is 1200' x 2200' x 170'
# {dx=1200*ft}
# {dy=2200*ft}
# {dz=170*ft}
create vertex 0 0 0
create vertex 0 {dy} 0
create vertex {dx} {dy} 0
create vertex {dx} 0 0
create surface vertex 1 2 3 4
#delete vertex all
# End of file
# ----------------------------------------------------------------------
# Set discretization size
# ----------------------------------------------------------------------
surface all size {14.2*ft}
# ----------------------------------------------------------------------
# Generate the mesh
# ----------------------------------------------------------------------
surface all scheme submap
mesh surface all
# ----------------------------------------------------------------------
# Mark entities for boundary conditions, etc.
# ----------------------------------------------------------------------
# -*- Python -*-
# ----------------------------------------------------------------------
# Create blocks for materials
# We only use one material in the simulations, so we lump the two
# meshed volumes into a single block.
# ----------------------------------------------------------------------
block 1 surface 1
block 1 name "poroelastic"
# In order to create nodesets (marking boundaries, faults, etc), we
# first create a group and then form a nodeset from the group, because
# we often need to perform boolean operations to get the nodesets we
# want, and groups suppoert boolean operations (union, intersect, etc)
# but nodesets do not.
# ----------------------------------------------------------------------
# Create nodeset for +x boundary
# ----------------------------------------------------------------------
group "boundary_xpos" add node in curve 3
nodeset 1 boundary_xpos
nodeset 1 name "boundary_xpos"
# ----------------------------------------------------------------------
# Create nodeset for -x boundary
# ----------------------------------------------------------------------
group "boundary_xneg" add node in curve 1
nodeset 2 boundary_xneg
nodeset 2 name "boundary_xneg"
# ----------------------------------------------------------------------
# Create nodeset for +y boundary
# ----------------------------------------------------------------------
group "boundary_ypos" add node in curve 2
nodeset 3 boundary_ypos
nodeset 3 name "boundary_ypos"
# ----------------------------------------------------------------------
# Create nodeset for -y boundary
# ----------------------------------------------------------------------
group "boundary_yneg" add node in curve 4
nodeset 4 boundary_yneg
nodeset 4 name "boundary_yneg"
# ----------------------------------------------------------------------
# Export exodus file
# ----------------------------------------------------------------------
export mesh "mesh_quad.exo" dimension 2 overwrite
# -*- Python -*-
# ----------------------------------------------------------------------
# Generate geometry
# ----------------------------------------------------------------------
# -*- Python -*-
# ----------------------------------------------------------------------
# Set units to SI.
# ----------------------------------------------------------------------
${Units('si')}
# ----------------------------------------------------------------------
# Reset geometry.
# ----------------------------------------------------------------------
reset
# ----------------------------------------------------------------------
# Create surface using vertices
# ----------------------------------------------------------------------
# Block is 1200' x 2200' x 170'
# {dx=1200*ft}
# {dy=2200*ft}
# {dz=170*ft}
create vertex 0 0 0
create vertex 0 {dy} 0
create vertex {dx} {dy} 0
create vertex {dx} 0 0
create surface vertex 1 2 3 4
#delete vertex all
# End of file
# ----------------------------------------------------------------------
# Set discretization size
# ----------------------------------------------------------------------
surface all size {14.0*ft}
# ----------------------------------------------------------------------
# Generate the mesh
# ----------------------------------------------------------------------
surface all scheme submap
mesh surface all
# ----------------------------------------------------------------------
# Mark entities for boundary conditions, etc.
# ----------------------------------------------------------------------
# -*- Python -*-
# ----------------------------------------------------------------------
# Create blocks for materials
# We only use one material in the simulations, so we lump the two
# meshed volumes into a single block.
# ----------------------------------------------------------------------
block 1 surface 1
block 1 name "poroelastic"
# In order to create nodesets (marking boundaries, faults, etc), we
# first create a group and then form a nodeset from the group, because
# we often need to perform boolean operations to get the nodesets we
# want, and groups suppoert boolean operations (union, intersect, etc)
# but nodesets do not.
# ----------------------------------------------------------------------
# Create nodeset for +x boundary
# ----------------------------------------------------------------------
group "boundary_xpos" add node in curve 3
nodeset 1 boundary_xpos
nodeset 1 name "boundary_xpos"
# ----------------------------------------------------------------------
# Create nodeset for -x boundary
# ----------------------------------------------------------------------
group "boundary_xneg" add node in curve 1
nodeset 2 boundary_xneg
nodeset 2 name "boundary_xneg"
# ----------------------------------------------------------------------
# Create nodeset for +y boundary
# ----------------------------------------------------------------------
group "boundary_ypos" add node in curve 2
nodeset 3 boundary_ypos
nodeset 3 name "boundary_ypos"
# ----------------------------------------------------------------------
# Create nodeset for -y boundary
# ----------------------------------------------------------------------
group "boundary_yneg" add node in curve 4
nodeset 4 boundary_yneg
nodeset 4 name "boundary_yneg"
# ----------------------------------------------------------------------
# Export exodus file
# ----------------------------------------------------------------------
export mesh "mesh_quad.exo" dimension 2 overwrite
# -*- Python -*-
# ----------------------------------------------------------------------
# Generate geometry
# ----------------------------------------------------------------------
# -*- Python -*-
# ----------------------------------------------------------------------
# Set units to SI.
# ----------------------------------------------------------------------
${Units('si')}
# ----------------------------------------------------------------------
# Reset geometry.
# ----------------------------------------------------------------------
reset
# ----------------------------------------------------------------------
# Create surface using vertices
# ----------------------------------------------------------------------
# Block is 1200' x 2200' x 170'
# {dx=1200*ft}
# {dy=2200*ft}
# {dz=170*ft}
create vertex 0 0 0
create vertex 0 {dy} 0
create vertex {dx} {dy} 0
create vertex {dx} 0 0
create surface vertex 1 2 3 4
#delete vertex all
# End of file
# ----------------------------------------------------------------------
# Set discretization size
# ----------------------------------------------------------------------
surface all size {13.0*ft}
# ----------------------------------------------------------------------
# Generate the mesh
# ----------------------------------------------------------------------
surface all scheme submap
mesh surface all
# ----------------------------------------------------------------------
# Mark entities for boundary conditions, etc.
# ----------------------------------------------------------------------
# -*- Python -*-
# ----------------------------------------------------------------------
# Create blocks for materials
# We only use one material in the simulations, so we lump the two
# meshed volumes into a single block.
# ----------------------------------------------------------------------
block 1 surface 1
block 1 name "poroelastic"
# In order to create nodesets (marking boundaries, faults, etc), we
# first create a group and then form a nodeset from the group, because
# we often need to perform boolean operations to get the nodesets we
# want, and groups suppoert boolean operations (union, intersect, etc)
# but nodesets do not.
# ----------------------------------------------------------------------
# Create nodeset for +x boundary
# ----------------------------------------------------------------------
group "boundary_xpos" add node in curve 3
nodeset 1 boundary_xpos
nodeset 1 name "boundary_xpos"
# ----------------------------------------------------------------------
# Create nodeset for -x boundary
# ----------------------------------------------------------------------
group "boundary_xneg" add node in curve 1
nodeset 2 boundary_xneg
nodeset 2 name "boundary_xneg"
# ----------------------------------------------------------------------
# Create nodeset for +y boundary
# ----------------------------------------------------------------------
group "boundary_ypos" add node in curve 2
nodeset 3 boundary_ypos
nodeset 3 name "boundary_ypos"
# ----------------------------------------------------------------------
# Create nodeset for -y boundary
# ----------------------------------------------------------------------
group "boundary_yneg" add node in curve 4
nodeset 4 boundary_yneg
nodeset 4 name "boundary_yneg"
# ----------------------------------------------------------------------
# Export exodus file
# ----------------------------------------------------------------------
export mesh "mesh_quad.exo" dimension 2 overwrite
# -*- Python -*-
# ----------------------------------------------------------------------
# Generate geometry
# ----------------------------------------------------------------------
# -*- Python -*-
# ----------------------------------------------------------------------
# Set units to SI.
# ----------------------------------------------------------------------
${Units('si')}
# ----------------------------------------------------------------------
# Reset geometry.
# ----------------------------------------------------------------------
reset
# ----------------------------------------------------------------------
# Create surface using vertices
# ----------------------------------------------------------------------
# Block is 1200' x 2200' x 170'
# {dx=1200*ft}
# {dy=2200*ft}
# {dz=170*ft}
create vertex 0 0 0
create vertex 0 {dy} 0
create vertex {dx} {dy} 0
create vertex {dx} 0 0
create surface vertex 1 2 3 4
#delete vertex all
# End of file
# ----------------------------------------------------------------------
# Set discretization size
# ----------------------------------------------------------------------
surface all size {15.0*ft}
# ----------------------------------------------------------------------
# Generate the mesh
# ----------------------------------------------------------------------
surface all scheme submap
mesh surface all
# ----------------------------------------------------------------------
# Mark entities for boundary conditions, etc.
# ----------------------------------------------------------------------
# -*- Python -*-
# ----------------------------------------------------------------------
# Create blocks for materials
# We only use one material in the simulations, so we lump the two
# meshed volumes into a single block.
# ----------------------------------------------------------------------
block 1 surface 1
block 1 name "poroelastic"
# In order to create nodesets (marking boundaries, faults, etc), we
# first create a group and then form a nodeset from the group, because
# we often need to perform boolean operations to get the nodesets we
# want, and groups suppoert boolean operations (union, intersect, etc)
# but nodesets do not.
# ----------------------------------------------------------------------
# Create nodeset for +x boundary
# ----------------------------------------------------------------------
group "boundary_xpos" add node in curve 3
nodeset 1 boundary_xpos
nodeset 1 name "boundary_xpos"
# ----------------------------------------------------------------------
# Create nodeset for -x boundary
# ----------------------------------------------------------------------
group "boundary_xneg" add node in curve 1
nodeset 2 boundary_xneg
nodeset 2 name "boundary_xneg"
# ----------------------------------------------------------------------
# Create nodeset for +y boundary
# ----------------------------------------------------------------------
group "boundary_ypos" add node in curve 2
nodeset 3 boundary_ypos
nodeset 3 name "boundary_ypos"
# ----------------------------------------------------------------------
# Create nodeset for -y boundary
# ----------------------------------------------------------------------
group "boundary_yneg" add node in curve 4
nodeset 4 boundary_yneg
nodeset 4 name "boundary_yneg"
# ----------------------------------------------------------------------
# Export exodus file
# ----------------------------------------------------------------------
export mesh "mesh_quad.exo" dimension 2 overwrite
# -*- Python -*-
# ----------------------------------------------------------------------
# Generate geometry
# ----------------------------------------------------------------------
# -*- Python -*-
# ----------------------------------------------------------------------
# Set units to SI.
# ----------------------------------------------------------------------
${Units('si')}
# ----------------------------------------------------------------------
# Reset geometry.
# ----------------------------------------------------------------------
reset
# ----------------------------------------------------------------------
# Create surface using vertices
# ----------------------------------------------------------------------
# Block is 1200' x 2200' x 170'
# {dx=20*ft}
# {dy=10*ft}
# {dz=2*ft}
# {nx=60}
# {ny=220}
# {nz=85}
create vertex {dx} {dy} 0
create vertex {dx} {dy*ny- dy} 0
create vertex {dx*nx - dx} {dy*ny - dy} 0
create vertex {dx*nx - dx} {dy} 0
create surface vertex 1 2 3 4
#delete vertex all
# End of file
# ----------------------------------------------------------------------
# Set discretization size
# ----------------------------------------------------------------------
surface all size {15.0*ft}
# ----------------------------------------------------------------------
# Generate the mesh
# ----------------------------------------------------------------------
surface all scheme submap
mesh surface all
# ----------------------------------------------------------------------
# Mark entities for boundary conditions, etc.
# ----------------------------------------------------------------------
# -*- Python -*-
# ----------------------------------------------------------------------
# Create blocks for materials
# We only use one material in the simulations, so we lump the two
# meshed volumes into a single block.
# ----------------------------------------------------------------------
block 1 surface 1
block 1 name "poroelastic"
# In order to create nodesets (marking boundaries, faults, etc), we
# first create a group and then form a nodeset from the group, because
# we often need to perform boolean operations to get the nodesets we
# want, and groups suppoert boolean operations (union, intersect, etc)
# but nodesets do not.
# ----------------------------------------------------------------------
# Create nodeset for +x boundary
# ----------------------------------------------------------------------
group "boundary_xpos" add node in curve 3
nodeset 1 boundary_xpos
nodeset 1 name "boundary_xpos"
# ----------------------------------------------------------------------
# Create nodeset for -x boundary
# ----------------------------------------------------------------------
group "boundary_xneg" add node in curve 1
nodeset 2 boundary_xneg
nodeset 2 name "boundary_xneg"
# ----------------------------------------------------------------------
# Create nodeset for +y boundary
# ----------------------------------------------------------------------
group "boundary_ypos" add node in curve 2
nodeset 3 boundary_ypos
nodeset 3 name "boundary_ypos"
# ----------------------------------------------------------------------
# Create nodeset for -y boundary
# ----------------------------------------------------------------------
group "boundary_yneg" add node in curve 4
nodeset 4 boundary_yneg
nodeset 4 name "boundary_yneg"
# ----------------------------------------------------------------------
# Export exodus file
# ----------------------------------------------------------------------
export mesh "mesh_quad.exo" dimension 2 overwrite
